files/106.csv
id,week,center_id,meal_id,checkout_price,base_price,emailer_for_promotion,homepage_featured,num_orders
1468297,15,106,2664,328.89,326.89,0,0,258
1373605,16,106,2664,328.89,328.89,0,0,296
1322311,17,106,2664,328.89,326.89,0,0,203
1150276,18,106,2664,327.89,326.89,0,0,364
1424109,19,106,2664,326.89,326.89,0,0,352
1347559,20,106,2664,327.89,328.89,0,0,352
1264923,21,106,2664,328.89,328.89,0,0,325
1312247,22,106,2664,327.89,326.89,0,0,459
1228755,23,106,2664,327.89,328.89,0,0,419
1056801,24,106,2664,327.89,326.89,0,0,379
1455765,25,106,2664,328.89,327.89,0,0,486
1332545,26,106,2664,327.89,326.89,0,0,406
1491466,27,106,2664,244.5,327.89,0,0,905
1085984,28,106,2664,326.89,328.89,0,0,188
1096938,29,106,2664,328.89,328.89,0,0,351
1198271,30,106,2664,326.89,327.89,0,0,310
1243691,31,106,2664,327.89,327.89,0,0,378
1399420,32,106,2664,326.89,327.89,0,0,581
1254568,33,106,2664,328.89,328.89,0,0,581
1015389,34,106,2664,327.89,328.89,0,0,485
1229824,35,106,2664,327.89,326.89,0,0,271
1341345,36,106,2664,327.89,328.89,0,0,366
1024002,37,106,2664,245.44,328.89,1,0,784
1089054,38,106,2664,328.89,328.89,0,0,393
1425973,39,106,2664,328.89,326.89,0,0,339
1324496,40,106,2664,326.89,328.89,0,0,258
1493971,41,106,2664,328.89,328.89,0,0,433
1201445,42,106,2664,326.89,326.89,0,0,528
1155405,43,106,2664,328.89,326.89,0,0,351
1443479,44,106,2664,326.89,326.89,0,0,324
1001371,45,106,2664,326.89,328.89,0,0,499
1120254,46,106,2664,328.89,326.89,0,0,203
1294129,47,106,2664,326.89,328.89,0,0,269
1455461,48,106,2664,328.89,328.89,0,0,243
1388012,49,106,2664,325.95,324.95,0,0,350
1344162,50,106,2664,328.89,326.89,0,0,217
1459882,51,106,2664,327.89,326.89,0,0,298
1173230,52,106,2664,328.89,328.89,0,0,283
1125089,53,106,2664,328.89,326.89,0,0,323
1224021,54,106,2664,328.89,327.89,0,0,405
1429436,55,106,2664,328.89,327.89,0,0,392
1261114,56,106,2664,263.9,327.89,1,1,998
1121531,57,106,2664,263.9,328.89,1,1,945
1131256,58,106,2664,324.95,324.95,0,0,446
1168627,59,106,2664,327.89,328.89,0,0,418
1416243,60,106,2664,326.89,326.89,0,0,541
1206583,61,106,2664,328.89,326.89,0,0,419
1391258,62,106,2664,327.89,327.89,0,0,176
1187882,63,106,2664,327.89,327.89,0,0,351
1431952,64,106,2664,328.89,327.89,0,0,351
1265033,65,106,2664,328.89,327.89,0,0,324
1188552,66,106,2664,327.89,326.89,0,0,431
1364480,67,106,2664,326.89,326.89,0,0,472
1456250,68,106,2664,327.89,327.89,0,0,392
1191980,69,106,2664,326.89,328.89,0,0,420
1297825,70,106,2664,327.89,326.89,0,0,203
1108439,71,106,2664,326.89,327.89,0,0,447
1206911,72,106,2664,327.89,327.89,0,0,527
1255137,73,106,2664,328.89,326.89,0,0,420
1320778,74,106,2664,327.89,326.89,0,0,418
1294916,75,106,2664,326.89,326.89,0,0,405
1491022,76,106,2664,326.89,326.89,0,0,338
1135719,77,106,2664,326.89,327.89,0,0,284
1332717,78,106,2664,313.34,312.34,0,0,366
1283931,79,106,2664,311.43,310.43,0,0,297
1236589,80,106,2664,311.43,311.43,0,0,230
1201594,81,106,2664,311.43,310.43,0,0,459
1004998,82,106,2664,246.44,310.43,1,1,985
1403608,83,106,2664,310.43,309.43,0,0,445
1244560,84,106,2664,309.46,309.46,0,0,730
1160184,85,106,2664,310.43,311.43,0,0,716
1322086,86,106,2664,305.55,306.55,0,0,499
1463199,87,106,2664,311.43,310.43,0,0,296
1258180,88,106,2664,310.43,310.43,0,0,393
1020114,89,106,2664,309.49,307.49,0,0,514
1261791,90,106,2664,310.43,311.43,0,0,298
1015594,91,106,2664,286.21,286.21,0,0,351
1467284,92,106,2664,271.66,270.66,0,0,338
1085381,93,106,2664,283.3,281.3,0,0,311
1308016,94,106,2664,283.3,282.3,0,0,297
1092290,95,106,2664,282.3,283.3,0,0,203
1120866,96,106,2664,281.3,283.3,0,0,338
1033041,97,106,2664,283.3,282.3,0,0,123
1276521,98,106,2664,282.3,283.3,0,0,323
1393887,99,106,2664,283.3,281.3,0,0,229
1352309,100,106,2664,282.3,281.3,0,0,285
1489017,101,106,2664,282.3,282.3,0,0,311
1386558,102,106,2664,281.3,281.3,0,0,230
1439542,103,106,2664,281.3,283.3,0,0,188
1093953,104,106,2664,281.3,282.3,0,0,486
1135462,105,106,2664,281.3,281.3,0,0,418
1463812,106,106,2664,281.3,281.3,0,0,337
1054526,107,106,2664,281.3,281.3,0,0,324
1338909,108,106,2664,283.3,283.3,0,0,419
1435742,109,106,2664,282.3,282.3,0,0,472
1333874,110,106,2664,282.3,283.3,0,0,258
1135373,111,106,2664,281.3,281.3,0,0,404
1210297,112,106,2664,282.3,282.3,0,0,283
1026085,113,106,2664,283.3,282.3,0,0,296
1356009,114,106,2664,283.3,283.3,0,0,270
1341084,115,106,2664,246.41,281.3,1,0,433
1019859,116,106,2664,241.53,281.3,0,0,580
1291825,117,106,2664,283.3,282.3,0,0,337
1257989,118,106,2664,283.3,283.3,0,0,337
1117747,119,106,2664,274.51,276.51,0,0,284
1098328,120,106,2664,281.3,283.3,0,0,366
1066978,121,106,2664,283.3,281.3,0,0,377
1461868,122,106,2664,283.3,283.3,0,0,420
1057986,123,106,2664,277.45,276.45,0,0,420
1332325,124,106,2664,274.57,274.57,0,0,446
1211864,125,106,2664,282.3,282.3,0,0,231
1226579,126,106,2664,313.37,312.37,0,0,364
1463996,127,106,2664,339.53,340.53,0,0,323
1013707,128,106,2664,338.53,340.53,0,0,229
1063902,129,106,2664,339.53,340.53,0,0,189
1286793,130,106,2664,322.04,324.04,0,0,134
1085260,131,106,2664,328.86,328.86,0,0,203
1114997,132,106,2664,338.53,340.53,0,0,163
1150230,133,106,2664,338.53,339.53,0,0,149
1448676,134,106,2664,338.53,339.53,0,0,258
1147165,135,106,2664,292.03,338.53,0,0,95
1051385,136,106,2664,340.53,338.53,0,0,94
1224916,137,106,2664,340.53,338.53,0,0,231
1296221,138,106,2664,288.12,340.53,0,0,270
1043814,139,106,2664,332.77,330.77,0,0,283
1240797,140,106,2664,292,330.77,0,0,94
1449627,141,106,2664,284.24,330.77,0,0,82
1098757,142,106,2664,285.24,330.77,0,0,189
1080015,143,106,2664,284.24,330.77,0,0,229
1406261,144,106,2664,243.5,330.77,1,0,445
1441850,145,106,2664,235.71,332.77,0,0,474
1304792,18,106,2569,328.89,328.89,0,0,204
1341091,19,106,2569,328.89,328.89,0,0,364
1064021,20,106,2569,328.89,327.89,0,0,337
1367604,21,106,2569,327.89,328.89,0,0,310
1308858,22,106,2569,326.89,326.89,0,0,204
1444336,23,106,2569,327.89,326.89,0,0,257
1148306,24,106,2569,327.89,327.89,0,0,270
1347975,25,106,2569,326.89,327.89,0,0,311
1191588,26,106,2569,327.89,328.89,0,0,203
1486359,27,106,2569,243.5,327.89,0,0,501
1432857,28,106,2569,327.89,326.89,0,0,190
1423715,29,106,2569,326.89,326.89,0,0,269
1135730,30,106,2569,326.89,326.89,0,0,243
1112615,31,106,2569,327.89,327.89,0,0,217
1364502,32,106,2569,327.89,327.89,0,0,325
1457747,33,106,2569,328.89,326.89,0,0,405
1188769,34,106,2569,328.89,328.89,0,0,177
1056813,35,106,2569,328.89,326.89,0,0,258
1000216,36,106,2569,328.89,326.89,0,0,230
1056191,37,106,2569,244.5,326.89,1,0,771
1014692,38,106,2569,328.89,326.89,0,0,271
1314535,39,106,2569,328.89,326.89,0,0,203
1365342,40,106,2569,328.89,327.89,0,0,121
1304045,41,106,2569,327.89,326.89,0,0,323
1175384,42,106,2569,328.89,327.89,0,0,472
1413717,43,106,2569,326.89,326.89,0,0,296
1249075,44,106,2569,328.89,327.89,0,0,231
1297168,45,106,2569,326.89,327.89,0,0,258
1153321,46,106,2569,328.89,326.89,0,0,204
1489545,47,106,2569,327.89,327.89,0,0,242
1411627,48,106,2569,328.89,326.89,0,0,257
1056220,49,106,2569,326.89,328.89,0,0,150
1477467,50,106,2569,328.89,327.89,0,0,203
1452715,51,106,2569,328.89,327.89,0,0,189
1404771,52,106,2569,327.89,326.89,0,0,215
1359675,53,106,2569,328.89,328.89,0,0,231
1205317,54,106,2569,327.89,328.89,0,0,324
1176547,55,106,2569,327.89,326.89,0,0,257
1394351,56,106,2569,260.93,326.89,1,1,865
1228375,57,106,2569,262.93,327.89,1,1,863
1013590,58,106,2569,325.01,324.01,0,0,418
1041467,59,106,2569,326.89,326.89,0,0,404
1408003,60,106,2569,327.89,328.89,0,0,391
1340103,61,106,2569,327.89,328.89,0,0,337
1076272,62,106,2569,327.89,326.89,0,0,190
1222743,63,106,2569,327.89,328.89,0,0,364
1486137,64,106,2569,327.89,326.89,0,0,379
1497771,65,106,2569,328.89,327.89,0,0,447
1421628,66,106,2569,326.89,328.89,0,0,283
1358790,67,106,2569,328.89,327.89,0,0,298
1148975,68,106,2569,328.89,326.89,0,0,285
1441361,69,106,2569,326.89,328.89,0,0,296
1185224,70,106,2569,327.89,327.89,0,0,216
1046146,71,106,2569,328.89,327.89,0,0,271
1128094,72,106,2569,305.61,305.61,0,0,391
1495095,73,106,2569,328.89,328.89,0,0,231
1484345,74,106,2569,326.89,328.89,0,0,203
1353550,75,106,2569,328.89,328.89,0,0,404
1347049,76,106,2569,328.89,328.89,0,0,135
1271718,77,106,2569,326.89,327.89,0,0,379
1107218,78,106,2569,314.31,313.31,0,0,271
1028249,79,106,2569,310.43,310.43,0,0,231
1288119,80,106,2569,310.43,310.43,0,0,216
1313977,81,106,2569,311.43,310.43,0,0,283
1464510,82,106,2569,245.44,310.43,1,1,1081
1134858,83,106,2569,298.76,300.76,0,0,391
1485671,84,106,2569,310.43,311.43,0,0,392
1055419,85,106,2569,309.43,311.43,0,0,243
1269815,86,106,2569,310.43,310.43,0,0,312
1067279,87,106,2569,309.43,311.43,0,0,296
1160968,88,106,2569,311.43,311.43,0,0,150
1059251,89,106,2569,311.43,309.43,0,0,270
1395481,90,106,2569,309.43,309.43,0,0,284
1006835,91,106,2569,283.27,282.27,0,0,364
1163300,92,106,2569,281.3,282.3,0,0,339
1225021,93,106,2569,282.3,283.3,0,0,364
1420072,94,106,2569,283.3,283.3,0,0,269
1351198,95,106,2569,283.3,281.3,0,0,366
1046957,96,106,2569,282.3,281.3,0,0,202
1063295,97,106,2569,283.3,283.3,0,0,527
1484541,98,106,2569,281.3,283.3,0,0,231
1324573,99,106,2569,282.3,281.3,0,0,231
1430401,100,106,2569,281.3,281.3,0,0,406
1281552,101,106,2569,282.3,283.3,0,0,284
1072322,102,106,2569,283.3,281.3,0,0,270
1134141,103,106,2569,282.3,282.3,0,0,217
1491504,104,106,2569,282.3,282.3,0,0,365
1018227,105,106,2569,281.3,281.3,0,0,404
1190219,106,106,2569,281.3,282.3,0,0,242
1219798,107,106,2569,281.3,283.3,0,0,323
1105611,108,106,2569,281.3,281.3,0,0,404
1125781,109,106,2569,281.3,282.3,0,0,215
1470168,110,106,2569,282.3,282.3,0,0,270
1214025,111,106,2569,282.3,281.3,0,0,404
1190908,112,106,2569,281.3,281.3,0,0,338
1156132,113,106,2569,283.3,282.3,0,0,323
1066999,114,106,2569,283.3,282.3,0,0,231
1362028,115,106,2569,245.47,281.3,1,0,312
1336862,116,106,2569,243.53,282.3,0,0,433
1214458,117,106,2569,283.3,283.3,0,0,393
1325887,118,106,2569,283.3,282.3,0,0,297
1418223,119,106,2569,281.3,281.3,0,0,217
1452752,120,106,2569,283.3,282.3,0,0,271
1076944,121,106,2569,283.3,282.3,0,0,256
1264811,122,106,2569,283.3,282.3,0,0,352
1375003,123,106,2569,281.3,282.3,0,0,311
1368082,124,106,2569,282.3,283.3,0,0,270
1041499,125,106,2569,283.3,283.3,0,0,204
1319643,126,106,2569,328.89,326.89,0,0,325
1297066,127,106,2569,340.53,339.53,0,0,230
1464711,128,106,2569,340.53,340.53,0,0,176
1223817,129,106,2569,340.53,339.53,0,0,149
1446341,130,106,2569,339.53,338.53,0,0,162
1403606,131,106,2569,338.53,339.53,0,0,109
1414030,132,106,2569,339.53,339.53,0,0,204
1153337,133,106,2569,339.53,340.53,0,0,204
1235560,134,106,2569,339.53,338.53,0,0,325
1480101,135,106,2569,265.81,340.53,0,0,217
1224501,136,106,2569,316.22,318.22,0,0,204
1028325,137,106,2569,339.53,339.53,0,0,190
1449353,138,106,2569,339.53,338.53,0,0,242
1256747,139,106,2569,310.4,312.4,0,0,162
1052618,140,106,2569,289.06,290.06,0,0,107
1387863,141,106,2569,263.9,261.9,0,0,176
1058791,142,106,2569,284.24,284.24,0,0,189
1322026,143,106,2569,283.24,283.24,0,0,445
1467199,144,106,2569,242.5,284.24,1,0,486
1204759,145,106,2569,243.47,283.24,0,0,404
1119201,28,106,2490,244.5,242.5,0,0,41
1480563,29,106,2490,243.5,243.5,0,0,177
1096358,30,106,2490,244.5,244.5,0,0,95
1493751,31,106,2490,195,243.5,1,0,636
1224740,32,106,2490,241.56,241.56,0,0,312
1317616,33,106,2490,244.5,243.5,0,0,216
1065278,34,106,2490,244.5,242.5,0,0,202
1448612,35,106,2490,242.5,242.5,0,0,189
1187124,36,106,2490,244.5,243.5,0,0,296
1162351,37,106,2490,242.5,243.5,0,0,231
1236436,38,106,2490,243.5,242.5,0,0,230
1206762,39,106,2490,243.5,242.5,0,0,163
1401331,40,106,2490,244.5,244.5,0,0,231
1422425,41,106,2490,244.5,244.5,0,0,150
1105861,42,106,2490,242.5,243.5,1,1,852
1199605,43,106,2490,243.5,244.5,0,0,177
1245405,44,106,2490,244.5,244.5,0,0,204
1133045,45,106,2490,242.5,244.5,0,0,270
1295265,46,106,2490,242.5,243.5,0,0,285
1087995,47,106,2490,244.5,243.5,0,0,229
1162326,48,106,2490,181.45,244.5,1,0,351
1143128,49,106,2490,218.25,244.5,1,0,271
1144094,50,106,2490,242.5,243.5,0,0,122
1021562,51,106,2490,242.5,243.5,0,0,162
1358642,52,106,2490,196,242.5,1,0,378
1144071,53,106,2490,196,242.5,0,1,243
1287588,54,106,2490,243.5,244.5,0,0,513
1330537,55,106,2490,244.5,243.5,0,0,203
1367550,56,106,2490,242.5,243.5,0,0,136
1031081,57,106,2490,242.5,244.5,0,0,121
1321451,58,106,2490,243.5,244.5,0,0,107
1419539,59,106,2490,237.65,237.65,0,0,217
1430539,60,106,2490,242.5,243.5,0,0,162
1002531,61,106,2490,243.5,243.5,0,0,161
1008134,62,106,2490,242.5,244.5,0,0,96
1219349,63,106,2490,244.5,243.5,0,0,204
1359483,64,106,2490,244.5,244.5,0,0,176
1197556,65,106,2490,192.06,243.5,1,1,837
1254880,66,106,2490,219.25,243.5,0,1,216
1017441,67,106,2490,244.5,244.5,0,0,297
1285947,68,106,2490,243.5,244.5,0,0,80
1472373,69,106,2490,242.5,242.5,0,0,148
1478574,70,106,2490,242.5,244.5,0,0,150
1121000,71,106,2490,243.5,242.5,0,0,204
1452357,72,106,2490,244.5,243.5,0,0,231
1088325,73,106,2490,243.5,243.5,0,0,163
1407515,74,106,2490,242.5,244.5,0,0,134
1204896,75,106,2490,242.5,242.5,0,0,190
1001924,76,106,2490,145.5,244.5,1,1,1216
1182469,77,106,2490,148.47,242.5,1,1,1417
1381267,78,106,2490,147.5,243.5,0,1,1054
1027919,79,106,2490,152.35,243.5,0,1,851
1006051,80,106,2490,243.5,243.5,0,0,244
1222530,81,106,2490,243.5,242.5,0,0,258
1430564,82,106,2490,242.5,242.5,0,0,175
1424663,83,106,2490,244.5,243.5,0,0,161
1024432,84,106,2490,244.5,244.5,0,0,215
1266508,85,106,2490,243.5,244.5,0,0,298
1457474,86,106,2490,242.5,242.5,0,0,190
1391565,87,106,2490,243.5,244.5,0,0,203
1290652,88,106,2490,242.5,242.5,0,0,121
1029870,89,106,2490,244.5,244.5,0,0,204
1135008,90,106,2490,193.06,243.5,1,0,298
1397264,91,106,2490,193.06,242.5,1,0,486
1276606,92,106,2490,239.59,239.59,0,0,203
1355476,93,106,2490,244.5,242.5,0,0,242
1139026,94,106,2490,195,243.5,1,1,377
1355331,95,106,2490,244.5,243.5,0,0,149
1244414,96,106,2490,243.5,243.5,0,0,202
1342677,97,106,2490,242.5,243.5,0,0,96
1259690,98,106,2490,242.5,243.5,0,0,189
1096053,99,106,2490,244.5,244.5,0,0,108
1155708,100,106,2490,242.5,244.5,0,0,217
1199421,101,106,2490,244.5,244.5,0,0,149
1387299,102,106,2490,243.5,244.5,0,0,177
1211196,103,106,2490,242.5,244.5,0,0,189
1167765,104,106,2490,244.5,242.5,0,0,150
1043282,105,106,2490,243.5,244.5,0,0,149
1452685,106,106,2490,244.5,242.5,0,0,285
1079017,107,106,2490,242.5,242.5,0,0,202
1463905,108,106,2490,244.5,243.5,0,0,190
1318233,109,106,2490,242.5,244.5,0,0,109
1073265,110,106,2490,243.5,244.5,0,0,121
1334843,111,106,2490,244.5,242.5,0,0,229
1089315,112,106,2490,243.47,245.47,0,0,161
1175579,113,106,2490,256.14,255.14,0,0,161
1034534,114,106,2490,254.14,255.14,0,0,81
1352592,115,106,2490,255.14,256.14,0,0,229
1449962,116,106,2490,254.14,255.14,0,0,96
1319158,117,106,2490,195,254.14,1,0,312
1497516,118,106,2490,196,254.14,1,0,323
1039072,119,106,2490,256.14,255.14,0,0,202
1465070,120,106,2490,256.14,254.14,0,0,109
1272025,121,106,2490,255.14,256.14,0,0,150
1043551,122,106,2490,238.65,239.65,0,0,204
1228748,123,106,2490,254.14,256.14,0,0,136
1253140,124,106,2490,255.14,255.14,0,0,135
1291436,125,106,2490,200.82,254.14,1,0,404
1174811,126,106,2490,254.14,254.14,0,0,96
1415761,127,106,2490,255.14,254.14,0,0,242
1278215,128,106,2490,255.14,254.14,0,0,257
1245927,129,106,2490,256.14,256.14,0,0,202
1174895,130,106,2490,256.14,256.14,0,0,231
1331784,131,106,2490,256.14,256.14,0,0,323
1131363,132,106,2490,276.48,275.48,0,0,270
1348455,133,106,2490,281.36,279.36,0,0,378
1447839,134,106,2490,281.36,279.36,0,0,325
1355458,135,106,2490,279.36,279.36,0,0,256
1477955,136,106,2490,281.36,281.36,0,0,284
1042260,137,106,2490,267.78,267.78,0,0,271
1185646,138,106,2490,280.36,280.36,0,0,163
1086442,139,106,2490,276.45,276.45,0,0,242
1454284,140,106,2490,242.5,278.45,1,0,230
1359028,141,106,2490,281.36,279.36,0,0,203
1215785,142,106,2490,279.36,279.36,0,0,162
1466719,143,106,2490,281.36,281.36,0,0,215
1010614,144,106,2490,280.36,280.36,0,0,109
1234342,145,106,2490,281.36,280.36,0,0,190
